---
http_interactions:
- request:
    method: get
    uri: https://www.googleapis.com/youtube/v3/search?channelId=UCluQ5yInbeAkkeCndNnUhpw&key=<google_api_key>&maxResults=1&q=Malawi
    body:
      encoding: US-ASCII
      string: ''
    headers:
      User-Agent:
      - Faraday v2.6.0
      Accept-Encoding:
      - gzip;q=1.0,deflate;q=0.6,identity;q=0.3
      Accept:
      - "*/*"
  response:
    status:
      code: 200
      message: OK
    headers:
      Content-Type:
      - application/json; charset=UTF-8
      Vary:
      - Origin
      - Referer
      - X-Origin
      Date:
      - Sun, 13 Nov 2022 16:22:42 GMT
      Server:
      - scaffolding on HTTPServer2
      Cache-Control:
      - private
      X-Xss-Protection:
      - '0'
      X-Frame-Options:
      - SAMEORIGIN
      X-Content-Type-Options:
      - nosniff
      Alt-Svc:
      - h3=":443"; ma=2592000,h3-29=":443"; ma=2592000,h3-Q050=":443"; ma=2592000,h3-Q046=":443";
        ma=2592000,h3-Q043=":443"; ma=2592000,quic=":443"; ma=2592000; v="46,43"
      Transfer-Encoding:
      - chunked
    body:
      encoding: UTF-8
      string: |
        {
          "kind": "youtube#searchListResponse",
          "etag": "ho-YS0idh9slNAU4Wt5Ok2-8Fd0",
          "nextPageToken": "CAEQAA",
          "regionCode": "US",
          "pageInfo": {
            "totalResults": 19,
            "resultsPerPage": 1
          },
          "items": [
            {
              "kind": "youtube#searchResult",
              "etag": "bmFOl_IMa3WPlhx5uhq7pzgj7Bo",
              "id": {
                "kind": "youtube#video",
                "videoId": "QcJowpMp5qQ"
              }
            }
          ]
        }
  recorded_at: Sun, 13 Nov 2022 16:22:42 GMT
- request:
    method: get
    uri: https://www.googleapis.com/youtube/v3/videos?fields=items(snippet(title))&id=QcJowpMp5qQ&key=<google_api_key>&part=snippet
    body:
      encoding: US-ASCII
      string: ''
    headers:
      User-Agent:
      - Faraday v2.6.0
      Accept-Encoding:
      - gzip;q=1.0,deflate;q=0.6,identity;q=0.3
      Accept:
      - "*/*"
  response:
    status:
      code: 200
      message: OK
    headers:
      Content-Type:
      - application/json; charset=UTF-8
      Vary:
      - Origin
      - Referer
      - X-Origin
      Date:
      - Sun, 13 Nov 2022 16:22:42 GMT
      Server:
      - scaffolding on HTTPServer2
      Cache-Control:
      - private
      X-Xss-Protection:
      - '0'
      X-Frame-Options:
      - SAMEORIGIN
      X-Content-Type-Options:
      - nosniff
      Alt-Svc:
      - h3=":443"; ma=2592000,h3-29=":443"; ma=2592000,h3-Q050=":443"; ma=2592000,h3-Q046=":443";
        ma=2592000,h3-Q043=":443"; ma=2592000,quic=":443"; ma=2592000; v="46,43"
      Transfer-Encoding:
      - chunked
    body:
      encoding: UTF-8
      string: |
        {
          "items": [
            {
              "snippet": {
                "title": "A Super Quick History of Malawi"
              }
            }
          ]
        }
  recorded_at: Sun, 13 Nov 2022 16:22:42 GMT
- request:
    method: get
    uri: https://api.unsplash.com/search/photos?client_id=<unsplash_access_key>&query=Malawi
    body:
      encoding: US-ASCII
      string: ''
    headers:
      User-Agent:
      - Faraday v2.6.0
      Accept-Encoding:
      - gzip;q=1.0,deflate;q=0.6,identity;q=0.3
      Accept:
      - "*/*"
  response:
    status:
      code: 200
      message: OK
    headers:
      Connection:
      - keep-alive
      Content-Length:
      - '3155'
      Server:
      - Cowboy
      Content-Type:
      - application/json
      Access-Control-Allow-Origin:
      - "*"
      Access-Control-Request-Method:
      - "*"
      Access-Control-Allow-Headers:
      - "*"
      Access-Control-Expose-Headers:
      - Link,X-Total,X-Per-Page,X-RateLimit-Limit,X-RateLimit-Remaining
      Cache-Control:
      - max-age=86400,stale-if-error=3600,stale-while-revalidate=60
      X-Unsplash-Version:
      - v1
      Warning:
      - The tags property in this endpoint is deprecated. https://changelog.unsplash.com/deprecations/2021/07/12/tags-search-deprecation.html
      Link:
      - <https://api.unsplash.com/search/photos?client_id=<unsplash_access_key>&page=12&query=Malawi>;
        rel="last", <https://api.unsplash.com/search/photos?client_id=<unsplash_access_key>&page=2&query=Malawi>;
        rel="next"
      X-Total:
      - '115'
      X-Per-Page:
      - '10'
      Content-Language:
      - en
      Etag:
      - W/"4158d348508818c795bdcbe939de5ee3"
      X-Ratelimit-Limit:
      - '50'
      X-Ratelimit-Remaining:
      - '49'
      X-Request-Id:
      - 7d74e483-84bd-4276-af6a-f5ef31ea88b9
      X-Runtime:
      - '0.091039'
      Strict-Transport-Security:
      - max-age=31536000; includeSubDomains
      Via:
      - 1.1 vegur, 1.1 varnish, 1.1 varnish
      Accept-Ranges:
      - bytes
      Date:
      - Sun, 13 Nov 2022 16:22:42 GMT
      Age:
      - '77322'
      X-Served-By:
      - cache-iad-kcgs7200144-IAD, cache-den8282-DEN
      X-Cache:
      - MISS, HIT
      X-Cache-Hits:
      - 0, 1
      X-Timer:
      - S1668356562.244112,VS0,VE1
      Vary:
      - Accept-Encoding, Origin,Authorization,Accept-Language,client-geo-region,Accept
    body:
      encoding: UTF-8
      string: '{"total":115,"total_pages":12,"results":[{"id":"zGuwHRohI8Y","created_at":"2022-05-26T08:30:04Z","updated_at":"2022-11-12T08:29:01Z","promoted_at":null,"width":5295,"height":3456,"color":"#8c7359","blur_hash":"LCG*fw~S56Io0LafxajaMyxGkDj]","description":"Spider
        by Craig Manners","alt_description":null,"urls":{"raw":"https://images.unsplash.com/photo-1653553492170-e00b808a0290?ixid=MnwzODAxNjh8MHwxfHNlYXJjaHwxfHxNYWxhd2l8ZW58MHx8fHwxNjY4Mjc5MjQw\u0026ixlib=rb-4.0.3","full":"https://images.unsplash.com/photo-1653553492170-e00b808a0290?crop=entropy\u0026cs=tinysrgb\u0026fm=jpg\u0026ixid=MnwzODAxNjh8MHwxfHNlYXJjaHwxfHxNYWxhd2l8ZW58MHx8fHwxNjY4Mjc5MjQw\u0026ixlib=rb-4.0.3\u0026q=80","regular":"https://images.unsplash.com/photo-1653553492170-e00b808a0290?crop=entropy\u0026cs=tinysrgb\u0026fit=max\u0026fm=jpg\u0026ixid=MnwzODAxNjh8MHwxfHNlYXJjaHwxfHxNYWxhd2l8ZW58MHx8fHwxNjY4Mjc5MjQw\u0026ixlib=rb-4.0.3\u0026q=80\u0026w=1080","small":"https://images.unsplash.com/photo-1653553492170-e00b808a0290?crop=entropy\u0026cs=tinysrgb\u0026fit=max\u0026fm=jpg\u0026ixid=MnwzODAxNjh8MHwxfHNlYXJjaHwxfHxNYWxhd2l8ZW58MHx8fHwxNjY4Mjc5MjQw\u0026ixlib=rb-4.0.3\u0026q=80\u0026w=400","thumb":"https://images.unsplash.com/photo-1653553492170-e00b808a0290?crop=entropy\u0026cs=tinysrgb\u0026fit=max\u0026fm=jpg\u0026ixid=MnwzODAxNjh8MHwxfHNlYXJjaHwxfHxNYWxhd2l8ZW58MHx8fHwxNjY4Mjc5MjQw\u0026ixlib=rb-4.0.3\u0026q=80\u0026w=200","small_s3":"https://s3.us-west-2.amazonaws.com/images.unsplash.com/small/photo-1653553492170-e00b808a0290"},"links":{"self":"https://api.unsplash.com/photos/zGuwHRohI8Y","html":"https://unsplash.com/photos/zGuwHRohI8Y","download":"https://unsplash.com/photos/zGuwHRohI8Y/download?ixid=MnwzODAxNjh8MHwxfHNlYXJjaHwxfHxNYWxhd2l8ZW58MHx8fHwxNjY4Mjc5MjQw","download_location":"https://api.unsplash.com/photos/zGuwHRohI8Y/download?ixid=MnwzODAxNjh8MHwxfHNlYXJjaHwxfHxNYWxhd2l8ZW58MHx8fHwxNjY4Mjc5MjQw"},"likes":1,"liked_by_user":false,"current_user_collections":[],"sponsorship":null,"topic_submissions":{"nature":{"status":"rejected"},"textures-patterns":{"status":"rejected"},"animals":{"status":"rejected"},"wallpapers":{"status":"rejected"}},"user":{"id":"vTnMCIhC4Do","updated_at":"2022-11-12T00:16:34Z","username":"craigmanners_com","name":"Craig
        Manners","first_name":"Craig","last_name":"Manners","twitter_username":"craigmanners1","portfolio_url":"https://www.craigmanners.com/","bio":"For
        more photos please visit: https://www.craigmanners.com/\r\nTo buy me a coffee:
        https://www.buymeacoffee.com/craigmanners or at https://www.craigmanners.com/payments.html  or
        https://www.coinbase.com/join/OMVPEY","location":"Australia. ","links":{"self":"https://api.unsplash.com/users/craigmanners_com","html":"https://unsplash.com/@craigmanners_com","photos":"https://api.unsplash.com/users/craigmanners_com/photos","likes":"https://api.unsplash.com/users/craigmanners_com/likes","portfolio":"https://api.unsplash.com/users/craigmanners_com/portfolio","following":"https://api.unsplash.com/users/craigmanners_com/following","followers":"https://api.unsplash.com/users/craigmanners_com/followers"},"profile_image":{"small":"https://images.unsplash.com/profile-1645956897760-1b193ad7f858image?ixlib=rb-4.0.3\u0026crop=faces\u0026fit=crop\u0026w=32\u0026h=32","medium":"https://images.unsplash.com/profile-1645956897760-1b193ad7f858image?ixlib=rb-4.0.3\u0026crop=faces\u0026fit=crop\u0026w=64\u0026h=64","large":"https://images.unsplash.com/profile-1645956897760-1b193ad7f858image?ixlib=rb-4.0.3\u0026crop=faces\u0026fit=crop\u0026w=128\u0026h=128"},"instagram_username":"CraigManners1","total_collections":10,"total_likes":4,"total_photos":231,"accepted_tos":true,"for_hire":true,"social":{"instagram_username":"CraigManners1","portfolio_url":"https://www.craigmanners.com/","twitter_username":"craigmanners1","paypal_email":null}},"tags":[{"type":"search","title":"malawi"}]},{"id":"P3Nm0JEp2LI","created_at":"2022-07-27T08:27:18Z","updated_at":"2022-11-11T21:30:59Z","promoted_at":null,"width":4431,"height":3236,"color":"#d9c08c","blur_hash":"LMKAJ~V@$~W,~T9vE2f*RkD,IpIW","description":"African
        Elephants, Liwonde National Park, Malawi by Craig Manners","alt_description":null,"urls":{"raw":"https://images.unsplash.com/photo-1658910332023-3b1d1a4761fc?ixid=MnwzODAxNjh8MHwxfHNlYXJjaHwyfHxNYWxhd2l8ZW58MHx8fHwxNjY4Mjc5MjQw\u0026ixlib=rb-4.0.3","full":"https://images.unsplash.com/photo-1658910332023-3b1d1a4761fc?crop=entropy\u0026cs=tinysrgb\u0026fm=jpg\u0026ixid=MnwzODAxNjh8MHwxfHNlYXJjaHwyfHxNYWxhd2l8ZW58MHx8fHwxNjY4Mjc5MjQw\u0026ixlib=rb-4.0.3\u0026q=80","regular":"https://images.unsplash.com/photo-1658910332023-3b1d1a4761fc?crop=entropy\u0026cs=tinysrgb\u0026fit=max\u0026fm=jpg\u0026ixid=MnwzODAxNjh8MHwxfHNlYXJjaHwyfHxNYWxhd2l8ZW58MHx8fHwxNjY4Mjc5MjQw\u0026ixlib=rb-4.0.3\u0026q=80\u0026w=1080","small":"https://images.unsplash.com/photo-1658910332023-3b1d1a4761fc?crop=entropy\u0026cs=tinysrgb\u0026fit=max\u0026fm=jpg\u0026ixid=MnwzODAxNjh8MHwxfHNlYXJjaHwyfHxNYWxhd2l8ZW58MHx8fHwxNjY4Mjc5MjQw\u0026ixlib=rb-4.0.3\u0026q=80\u0026w=400","thumb":"https://images.unsplash.com/photo-1658910332023-3b1d1a4761fc?crop=entropy\u0026cs=tinysrgb\u0026fit=max\u0026fm=jpg\u0026ixid=MnwzODAxNjh8MHwxfHNlYXJjaHwyfHxNYWxhd2l8ZW58MHx8fHwxNjY4Mjc5MjQw\u0026ixlib=rb-4.0.3\u0026q=80\u0026w=200","small_s3":"https://s3.us-west-2.amazonaws.com/images.unsplash.com/small/photo-1658910332023-3b1d1a4761fc"},"links":{"self":"https://api.unsplash.com/photos/P3Nm0JEp2LI","html":"https://unsplash.com/photos/P3Nm0JEp2LI","download":"https://unsplash.com/photos/P3Nm0JEp2LI/download?ixid=MnwzODAxNjh8MHwxfHNlYXJjaHwyfHxNYWxhd2l8ZW58MHx8fHwxNjY4Mjc5MjQw","download_location":"https://api.unsplash.com/photos/P3Nm0JEp2LI/download?ixid=MnwzODAxNjh8MHwxfHNlYXJjaHwyfHxNYWxhd2l8ZW58MHx8fHwxNjY4Mjc5MjQw"},"likes":11,"liked_by_user":false,"current_user_collections":[],"sponsorship":null,"topic_submissions":{"nature":{"status":"rejected"},"textures-patterns":{"status":"approved","approved_on":"2022-09-08T18:23:15Z"},"wallpapers":{"status":"rejected"},"animals":{"status":"approved","approved_on":"2022-08-30T14:41:28Z"}},"user":{"id":"vTnMCIhC4Do","updated_at":"2022-11-12T00:16:34Z","username":"craigmanners_com","name":"Craig
        Manners","first_name":"Craig","last_name":"Manners","twitter_username":"craigmanners1","portfolio_url":"https://www.craigmanners.com/","bio":"For
        more photos please visit: https://www.craigmanners.com/\r\nTo buy me a coffee:
        https://www.buymeacoffee.com/craigmanners or at https://www.craigmanners.com/payments.html  or
        https://www.coinbase.com/join/OMVPEY","location":"Australia. ","links":{"self":"https://api.unsplash.com/users/craigmanners_com","html":"https://unsplash.com/@craigmanners_com","photos":"https://api.unsplash.com/users/craigmanners_com/photos","likes":"https://api.unsplash.com/users/craigmanners_com/likes","portfolio":"https://api.unsplash.com/users/craigmanners_com/portfolio","following":"https://api.unsplash.com/users/craigmanners_com/following","followers":"https://api.unsplash.com/users/craigmanners_com/followers"},"profile_image":{"small":"https://images.unsplash.com/profile-1645956897760-1b193ad7f858image?ixlib=rb-4.0.3\u0026crop=faces\u0026fit=crop\u0026w=32\u0026h=32","medium":"https://images.unsplash.com/profile-1645956897760-1b193ad7f858image?ixlib=rb-4.0.3\u0026crop=faces\u0026fit=crop\u0026w=64\u0026h=64","large":"https://images.unsplash.com/profile-1645956897760-1b193ad7f858image?ixlib=rb-4.0.3\u0026crop=faces\u0026fit=crop\u0026w=128\u0026h=128"},"instagram_username":"CraigManners1","total_collections":10,"total_likes":4,"total_photos":231,"accepted_tos":true,"for_hire":true,"social":{"instagram_username":"CraigManners1","portfolio_url":"https://www.craigmanners.com/","twitter_username":"craigmanners1","paypal_email":null}},"tags":[{"type":"search","title":"malawi"},{"type":"search","title":"liwonde
        national park"},{"type":"search","title":"craig manners"}]},{"id":"aFZX-JXO_IU","created_at":"2022-05-03T07:51:47Z","updated_at":"2022-11-12T01:28:23Z","promoted_at":null,"width":3456,"height":2304,"color":"#8c8c40","blur_hash":"LBG[#;pG0xW9Kuxt#qXQI9D+ss-o","description":"Snake
        catching a frog in Malawi, Africa by Craig Manners","alt_description":null,"urls":{"raw":"https://images.unsplash.com/photo-1651563275226-4f5fba07f9c7?ixid=MnwzODAxNjh8MHwxfHNlYXJjaHwzfHxNYWxhd2l8ZW58MHx8fHwxNjY4Mjc5MjQw\u0026ixlib=rb-4.0.3","full":"https://images.unsplash.com/photo-1651563275226-4f5fba07f9c7?crop=entropy\u0026cs=tinysrgb\u0026fm=jpg\u0026ixid=MnwzODAxNjh8MHwxfHNlYXJjaHwzfHxNYWxhd2l8ZW58MHx8fHwxNjY4Mjc5MjQw\u0026ixlib=rb-4.0.3\u0026q=80","regular":"https://images.unsplash.com/photo-1651563275226-4f5fba07f9c7?crop=entropy\u0026cs=tinysrgb\u0026fit=max\u0026fm=jpg\u0026ixid=MnwzODAxNjh8MHwxfHNlYXJjaHwzfHxNYWxhd2l8ZW58MHx8fHwxNjY4Mjc5MjQw\u0026ixlib=rb-4.0.3\u0026q=80\u0026w=1080","small":"https://images.unsplash.com/photo-1651563275226-4f5fba07f9c7?crop=entropy\u0026cs=tinysrgb\u0026fit=max\u0026fm=jpg\u0026ixid=MnwzODAxNjh8MHwxfHNlYXJjaHwzfHxNYWxhd2l8ZW58MHx8fHwxNjY4Mjc5MjQw\u0026ixlib=rb-4.0.3\u0026q=80\u0026w=400","thumb":"https://images.unsplash.com/photo-1651563275226-4f5fba07f9c7?crop=entropy\u0026cs=tinysrgb\u0026fit=max\u0026fm=jpg\u0026ixid=MnwzODAxNjh8MHwxfHNlYXJjaHwzfHxNYWxhd2l8ZW58MHx8fHwxNjY4Mjc5MjQw\u0026ixlib=rb-4.0.3\u0026q=80\u0026w=200","small_s3":"https://s3.us-west-2.amazonaws.com/images.unsplash.com/small/photo-1651563275226-4f5fba07f9c7"},"links":{"self":"https://api.unsplash.com/photos/aFZX-JXO_IU","html":"https://unsplash.com/photos/aFZX-JXO_IU","download":"https://unsplash.com/photos/aFZX-JXO_IU/download?ixid=MnwzODAxNjh8MHwxfHNlYXJjaHwzfHxNYWxhd2l8ZW58MHx8fHwxNjY4Mjc5MjQw","download_location":"https://api.unsplash.com/photos/aFZX-JXO_IU/download?ixid=MnwzODAxNjh8MHwxfHNlYXJjaHwzfHxNYWxhd2l8ZW58MHx8fHwxNjY4Mjc5MjQw"},"likes":1,"liked_by_user":false,"current_user_collections":[],"sponsorship":null,"topic_submissions":{"nature":{"status":"rejected"},"wallpapers":{"status":"rejected"},"animals":{"status":"rejected"}},"user":{"id":"vTnMCIhC4Do","updated_at":"2022-11-12T00:16:34Z","username":"craigmanners_com","name":"Craig
        Manners","first_name":"Craig","last_name":"Manners","twitter_username":"craigmanners1","portfolio_url":"https://www.craigmanners.com/","bio":"For
        more photos please visit: https://www.craigmanners.com/\r\nTo buy me a coffee:
        https://www.buymeacoffee.com/craigmanners or at https://www.craigmanners.com/payments.html  or
        https://www.coinbase.com/join/OMVPEY","location":"Australia. ","links":{"self":"https://api.unsplash.com/users/craigmanners_com","html":"https://unsplash.com/@craigmanners_com","photos":"https://api.unsplash.com/users/craigmanners_com/photos","likes":"https://api.unsplash.com/users/craigmanners_com/likes","portfolio":"https://api.unsplash.com/users/craigmanners_com/portfolio","following":"https://api.unsplash.com/users/craigmanners_com/following","followers":"https://api.unsplash.com/users/craigmanners_com/followers"},"profile_image":{"small":"https://images.unsplash.com/profile-1645956897760-1b193ad7f858image?ixlib=rb-4.0.3\u0026crop=faces\u0026fit=crop\u0026w=32\u0026h=32","medium":"https://images.unsplash.com/profile-1645956897760-1b193ad7f858image?ixlib=rb-4.0.3\u0026crop=faces\u0026fit=crop\u0026w=64\u0026h=64","large":"https://images.unsplash.com/profile-1645956897760-1b193ad7f858image?ixlib=rb-4.0.3\u0026crop=faces\u0026fit=crop\u0026w=128\u0026h=128"},"instagram_username":"CraigManners1","total_collections":10,"total_likes":4,"total_photos":231,"accepted_tos":true,"for_hire":true,"social":{"instagram_username":"CraigManners1","portfolio_url":"https://www.craigmanners.com/","twitter_username":"craigmanners1","paypal_email":null}},"tags":[{"type":"search","title":"malawi"}]},{"id":"zbgrGUNYxHw","created_at":"2022-10-13T08:54:45Z","updated_at":"2022-11-12T11:38:26Z","promoted_at":null,"width":3456,"height":2304,"color":"#8c5940","blur_hash":"LGF;Zg13IB57WlNxNHxG#-NHx[%0","description":"“Your
        move!“ Baby chameleon on chess piece in Malawi, Africa by Craig Manners","alt_description":null,"urls":{"raw":"https://images.unsplash.com/photo-1665651148648-777a22fa3344?ixid=MnwzODAxNjh8MHwxfHNlYXJjaHw0fHxNYWxhd2l8ZW58MHx8fHwxNjY4Mjc5MjQw\u0026ixlib=rb-4.0.3","full":"https://images.unsplash.com/photo-1665651148648-777a22fa3344?crop=entropy\u0026cs=tinysrgb\u0026fm=jpg\u0026ixid=MnwzODAxNjh8MHwxfHNlYXJjaHw0fHxNYWxhd2l8ZW58MHx8fHwxNjY4Mjc5MjQw\u0026ixlib=rb-4.0.3\u0026q=80","regular":"https://images.unsplash.com/photo-1665651148648-777a22fa3344?crop=entropy\u0026cs=tinysrgb\u0026fit=max\u0026fm=jpg\u0026ixid=MnwzODAxNjh8MHwxfHNlYXJjaHw0fHxNYWxhd2l8ZW58MHx8fHwxNjY4Mjc5MjQw\u0026ixlib=rb-4.0.3\u0026q=80\u0026w=1080","small":"https://images.unsplash.com/photo-1665651148648-777a22fa3344?crop=entropy\u0026cs=tinysrgb\u0026fit=max\u0026fm=jpg\u0026ixid=MnwzODAxNjh8MHwxfHNlYXJjaHw0fHxNYWxhd2l8ZW58MHx8fHwxNjY4Mjc5MjQw\u0026ixlib=rb-4.0.3\u0026q=80\u0026w=400","thumb":"https://images.unsplash.com/photo-1665651148648-777a22fa3344?crop=entropy\u0026cs=tinysrgb\u0026fit=max\u0026fm=jpg\u0026ixid=MnwzODAxNjh8MHwxfHNlYXJjaHw0fHxNYWxhd2l8ZW58MHx8fHwxNjY4Mjc5MjQw\u0026ixlib=rb-4.0.3\u0026q=80\u0026w=200","small_s3":"https://s3.us-west-2.amazonaws.com/images.unsplash.com/small/photo-1665651148648-777a22fa3344"},"links":{"self":"https://api.unsplash.com/photos/zbgrGUNYxHw","html":"https://unsplash.com/photos/zbgrGUNYxHw","download":"https://unsplash.com/photos/zbgrGUNYxHw/download?ixid=MnwzODAxNjh8MHwxfHNlYXJjaHw0fHxNYWxhd2l8ZW58MHx8fHwxNjY4Mjc5MjQw","download_location":"https://api.unsplash.com/photos/zbgrGUNYxHw/download?ixid=MnwzODAxNjh8MHwxfHNlYXJjaHw0fHxNYWxhd2l8ZW58MHx8fHwxNjY4Mjc5MjQw"},"likes":2,"liked_by_user":false,"current_user_collections":[],"sponsorship":null,"topic_submissions":{"experimental":{"status":"rejected"},"business-work":{"status":"rejected"},"street-photography":{"status":"rejected"},"interiors":{"status":"rejected"},"arts-culture":{"status":"rejected"},"animals":{"status":"rejected"},"nature":{"status":"rejected"},"textures-patterns":{"status":"rejected"},"wallpapers":{"status":"rejected"}},"user":{"id":"vTnMCIhC4Do","updated_at":"2022-11-12T00:16:34Z","username":"craigmanners_com","name":"Craig
        Manners","first_name":"Craig","last_name":"Manners","twitter_username":"craigmanners1","portfolio_url":"https://www.craigmanners.com/","bio":"For
        more photos please visit: https://www.craigmanners.com/\r\nTo buy me a coffee:
        https://www.buymeacoffee.com/craigmanners or at https://www.craigmanners.com/payments.html  or
        https://www.coinbase.com/join/OMVPEY","location":"Australia. ","links":{"self":"https://api.unsplash.com/users/craigmanners_com","html":"https://unsplash.com/@craigmanners_com","photos":"https://api.unsplash.com/users/craigmanners_com/photos","likes":"https://api.unsplash.com/users/craigmanners_com/likes","portfolio":"https://api.unsplash.com/users/craigmanners_com/portfolio","following":"https://api.unsplash.com/users/craigmanners_com/following","followers":"https://api.unsplash.com/users/craigmanners_com/followers"},"profile_image":{"small":"https://images.unsplash.com/profile-1645956897760-1b193ad7f858image?ixlib=rb-4.0.3\u0026crop=faces\u0026fit=crop\u0026w=32\u0026h=32","medium":"https://images.unsplash.com/profile-1645956897760-1b193ad7f858image?ixlib=rb-4.0.3\u0026crop=faces\u0026fit=crop\u0026w=64\u0026h=64","large":"https://images.unsplash.com/profile-1645956897760-1b193ad7f858image?ixlib=rb-4.0.3\u0026crop=faces\u0026fit=crop\u0026w=128\u0026h=128"},"instagram_username":"CraigManners1","total_collections":10,"total_likes":4,"total_photos":231,"accepted_tos":true,"for_hire":true,"social":{"instagram_username":"CraigManners1","portfolio_url":"https://www.craigmanners.com/","twitter_username":"craigmanners1","paypal_email":null}},"tags":[{"type":"search","title":"malawi"},{"type":"search","title":"craig
        manners"}]},{"id":"nd1GphCCqrA","created_at":"2022-09-23T23:23:41Z","updated_at":"2022-11-11T21:32:23Z","promoted_at":null,"width":4636,"height":3331,"color":"#404040","blur_hash":"LCBg9-M{~qD%M{?bM{-;9F-;M{xv","description":"Elephant
        Eye by Craig Manners","alt_description":null,"urls":{"raw":"https://images.unsplash.com/photo-1663975363759-8c4920d15f29?ixid=MnwzODAxNjh8MHwxfHNlYXJjaHw1fHxNYWxhd2l8ZW58MHx8fHwxNjY4Mjc5MjQw\u0026ixlib=rb-4.0.3","full":"https://images.unsplash.com/photo-1663975363759-8c4920d15f29?crop=entropy\u0026cs=tinysrgb\u0026fm=jpg\u0026ixid=MnwzODAxNjh8MHwxfHNlYXJjaHw1fHxNYWxhd2l8ZW58MHx8fHwxNjY4Mjc5MjQw\u0026ixlib=rb-4.0.3\u0026q=80","regular":"https://images.unsplash.com/photo-1663975363759-8c4920d15f29?crop=entropy\u0026cs=tinysrgb\u0026fit=max\u0026fm=jpg\u0026ixid=MnwzODAxNjh8MHwxfHNlYXJjaHw1fHxNYWxhd2l8ZW58MHx8fHwxNjY4Mjc5MjQw\u0026ixlib=rb-4.0.3\u0026q=80\u0026w=1080","small":"https://images.unsplash.com/photo-1663975363759-8c4920d15f29?crop=entropy\u0026cs=tinysrgb\u0026fit=max\u0026fm=jpg\u0026ixid=MnwzODAxNjh8MHwxfHNlYXJjaHw1fHxNYWxhd2l8ZW58MHx8fHwxNjY4Mjc5MjQw\u0026ixlib=rb-4.0.3\u0026q=80\u0026w=400","thumb":"https://images.unsplash.com/photo-1663975363759-8c4920d15f29?crop=entropy\u0026cs=tinysrgb\u0026fit=max\u0026fm=jpg\u0026ixid=MnwzODAxNjh8MHwxfHNlYXJjaHw1fHxNYWxhd2l8ZW58MHx8fHwxNjY4Mjc5MjQw\u0026ixlib=rb-4.0.3\u0026q=80\u0026w=200","small_s3":"https://s3.us-west-2.amazonaws.com/images.unsplash.com/small/photo-1663975363759-8c4920d15f29"},"links":{"self":"https://api.unsplash.com/photos/nd1GphCCqrA","html":"https://unsplash.com/photos/nd1GphCCqrA","download":"https://unsplash.com/photos/nd1GphCCqrA/download?ixid=MnwzODAxNjh8MHwxfHNlYXJjaHw1fHxNYWxhd2l8ZW58MHx8fHwxNjY4Mjc5MjQw","download_location":"https://api.unsplash.com/photos/nd1GphCCqrA/download?ixid=MnwzODAxNjh8MHwxfHNlYXJjaHw1fHxNYWxhd2l8ZW58MHx8fHwxNjY4Mjc5MjQw"},"likes":3,"liked_by_user":false,"current_user_collections":[],"sponsorship":null,"topic_submissions":{"nature":{"status":"rejected"},"animals":{"status":"rejected"},"textures-patterns":{"status":"rejected"}},"user":{"id":"vTnMCIhC4Do","updated_at":"2022-11-12T00:16:34Z","username":"craigmanners_com","name":"Craig
        Manners","first_name":"Craig","last_name":"Manners","twitter_username":"craigmanners1","portfolio_url":"https://www.craigmanners.com/","bio":"For
        more photos please visit: https://www.craigmanners.com/\r\nTo buy me a coffee:
        https://www.buymeacoffee.com/craigmanners or at https://www.craigmanners.com/payments.html  or
        https://www.coinbase.com/join/OMVPEY","location":"Australia. ","links":{"self":"https://api.unsplash.com/users/craigmanners_com","html":"https://unsplash.com/@craigmanners_com","photos":"https://api.unsplash.com/users/craigmanners_com/photos","likes":"https://api.unsplash.com/users/craigmanners_com/likes","portfolio":"https://api.unsplash.com/users/craigmanners_com/portfolio","following":"https://api.unsplash.com/users/craigmanners_com/following","followers":"https://api.unsplash.com/users/craigmanners_com/followers"},"profile_image":{"small":"https://images.unsplash.com/profile-1645956897760-1b193ad7f858image?ixlib=rb-4.0.3\u0026crop=faces\u0026fit=crop\u0026w=32\u0026h=32","medium":"https://images.unsplash.com/profile-1645956897760-1b193ad7f858image?ixlib=rb-4.0.3\u0026crop=faces\u0026fit=crop\u0026w=64\u0026h=64","large":"https://images.unsplash.com/profile-1645956897760-1b193ad7f858image?ixlib=rb-4.0.3\u0026crop=faces\u0026fit=crop\u0026w=128\u0026h=128"},"instagram_username":"CraigManners1","total_collections":10,"total_likes":4,"total_photos":231,"accepted_tos":true,"for_hire":true,"social":{"instagram_username":"CraigManners1","portfolio_url":"https://www.craigmanners.com/","twitter_username":"craigmanners1","paypal_email":null}},"tags":[{"type":"search","title":"malawi"},{"type":"search","title":"craig
        manners"}]},{"id":"JpZzlGtps4E","created_at":"2022-10-19T08:25:44Z","updated_at":"2022-11-12T12:34:03Z","promoted_at":null,"width":4232,"height":2842,"color":"#a6a6a6","blur_hash":"LHIXszVBEwpK9^4:Mynk57IVIAt8","description":"Craig
        Manners, Malawi","alt_description":null,"urls":{"raw":"https://images.unsplash.com/photo-1666167189565-de7686f74275?ixid=MnwzODAxNjh8MHwxfHNlYXJjaHw2fHxNYWxhd2l8ZW58MHx8fHwxNjY4Mjc5MjQw\u0026ixlib=rb-4.0.3","full":"https://images.unsplash.com/photo-1666167189565-de7686f74275?crop=entropy\u0026cs=tinysrgb\u0026fm=jpg\u0026ixid=MnwzODAxNjh8MHwxfHNlYXJjaHw2fHxNYWxhd2l8ZW58MHx8fHwxNjY4Mjc5MjQw\u0026ixlib=rb-4.0.3\u0026q=80","regular":"https://images.unsplash.com/photo-1666167189565-de7686f74275?crop=entropy\u0026cs=tinysrgb\u0026fit=max\u0026fm=jpg\u0026ixid=MnwzODAxNjh8MHwxfHNlYXJjaHw2fHxNYWxhd2l8ZW58MHx8fHwxNjY4Mjc5MjQw\u0026ixlib=rb-4.0.3\u0026q=80\u0026w=1080","small":"https://images.unsplash.com/photo-1666167189565-de7686f74275?crop=entropy\u0026cs=tinysrgb\u0026fit=max\u0026fm=jpg\u0026ixid=MnwzODAxNjh8MHwxfHNlYXJjaHw2fHxNYWxhd2l8ZW58MHx8fHwxNjY4Mjc5MjQw\u0026ixlib=rb-4.0.3\u0026q=80\u0026w=400","thumb":"https://images.unsplash.com/photo-1666167189565-de7686f74275?crop=entropy\u0026cs=tinysrgb\u0026fit=max\u0026fm=jpg\u0026ixid=MnwzODAxNjh8MHwxfHNlYXJjaHw2fHxNYWxhd2l8ZW58MHx8fHwxNjY4Mjc5MjQw\u0026ixlib=rb-4.0.3\u0026q=80\u0026w=200","small_s3":"https://s3.us-west-2.amazonaws.com/images.unsplash.com/small/photo-1666167189565-de7686f74275"},"links":{"self":"https://api.unsplash.com/photos/JpZzlGtps4E","html":"https://unsplash.com/photos/JpZzlGtps4E","download":"https://unsplash.com/photos/JpZzlGtps4E/download?ixid=MnwzODAxNjh8MHwxfHNlYXJjaHw2fHxNYWxhd2l8ZW58MHx8fHwxNjY4Mjc5MjQw","download_location":"https://api.unsplash.com/photos/JpZzlGtps4E/download?ixid=MnwzODAxNjh8MHwxfHNlYXJjaHw2fHxNYWxhd2l8ZW58MHx8fHwxNjY4Mjc5MjQw"},"likes":1,"liked_by_user":false,"current_user_collections":[],"sponsorship":null,"topic_submissions":{"experimental":{"status":"rejected"},"nature":{"status":"rejected"},"wallpapers":{"status":"rejected"}},"user":{"id":"vTnMCIhC4Do","updated_at":"2022-11-12T00:16:34Z","username":"craigmanners_com","name":"Craig
        Manners","first_name":"Craig","last_name":"Manners","twitter_username":"craigmanners1","portfolio_url":"https://www.craigmanners.com/","bio":"For
        more photos please visit: https://www.craigmanners.com/\r\nTo buy me a coffee:
        https://www.buymeacoffee.com/craigmanners or at https://www.craigmanners.com/payments.html  or
        https://www.coinbase.com/join/OMVPEY","location":"Australia. ","links":{"self":"https://api.unsplash.com/users/craigmanners_com","html":"https://unsplash.com/@craigmanners_com","photos":"https://api.unsplash.com/users/craigmanners_com/photos","likes":"https://api.unsplash.com/users/craigmanners_com/likes","portfolio":"https://api.unsplash.com/users/craigmanners_com/portfolio","following":"https://api.unsplash.com/users/craigmanners_com/following","followers":"https://api.unsplash.com/users/craigmanners_com/followers"},"profile_image":{"small":"https://images.unsplash.com/profile-1645956897760-1b193ad7f858image?ixlib=rb-4.0.3\u0026crop=faces\u0026fit=crop\u0026w=32\u0026h=32","medium":"https://images.unsplash.com/profile-1645956897760-1b193ad7f858image?ixlib=rb-4.0.3\u0026crop=faces\u0026fit=crop\u0026w=64\u0026h=64","large":"https://images.unsplash.com/profile-1645956897760-1b193ad7f858image?ixlib=rb-4.0.3\u0026crop=faces\u0026fit=crop\u0026w=128\u0026h=128"},"instagram_username":"CraigManners1","total_collections":10,"total_likes":4,"total_photos":231,"accepted_tos":true,"for_hire":true,"social":{"instagram_username":"CraigManners1","portfolio_url":"https://www.craigmanners.com/","twitter_username":"craigmanners1","paypal_email":null}},"tags":[{"type":"search","title":"malawi"},{"type":"search","title":"craig
        manners"}]},{"id":"qpDD--eA-ug","created_at":"2022-10-19T08:25:48Z","updated_at":"2022-11-12T17:33:09Z","promoted_at":null,"width":4592,"height":3325,"color":"#735940","blur_hash":"L7GHk-4:Rj~V9GE+D*R*9Gxt-oM{","description":"Craig
        Manners, Malawi","alt_description":null,"urls":{"raw":"https://images.unsplash.com/photo-1666167723333-04ac611c5ea0?ixid=MnwzODAxNjh8MHwxfHNlYXJjaHw3fHxNYWxhd2l8ZW58MHx8fHwxNjY4Mjc5MjQw\u0026ixlib=rb-4.0.3","full":"https://images.unsplash.com/photo-1666167723333-04ac611c5ea0?crop=entropy\u0026cs=tinysrgb\u0026fm=jpg\u0026ixid=MnwzODAxNjh8MHwxfHNlYXJjaHw3fHxNYWxhd2l8ZW58MHx8fHwxNjY4Mjc5MjQw\u0026ixlib=rb-4.0.3\u0026q=80","regular":"https://images.unsplash.com/photo-1666167723333-04ac611c5ea0?crop=entropy\u0026cs=tinysrgb\u0026fit=max\u0026fm=jpg\u0026ixid=MnwzODAxNjh8MHwxfHNlYXJjaHw3fHxNYWxhd2l8ZW58MHx8fHwxNjY4Mjc5MjQw\u0026ixlib=rb-4.0.3\u0026q=80\u0026w=1080","small":"https://images.unsplash.com/photo-1666167723333-04ac611c5ea0?crop=entropy\u0026cs=tinysrgb\u0026fit=max\u0026fm=jpg\u0026ixid=MnwzODAxNjh8MHwxfHNlYXJjaHw3fHxNYWxhd2l8ZW58MHx8fHwxNjY4Mjc5MjQw\u0026ixlib=rb-4.0.3\u0026q=80\u0026w=400","thumb":"https://images.unsplash.com/photo-1666167723333-04ac611c5ea0?crop=entropy\u0026cs=tinysrgb\u0026fit=max\u0026fm=jpg\u0026ixid=MnwzODAxNjh8MHwxfHNlYXJjaHw3fHxNYWxhd2l8ZW58MHx8fHwxNjY4Mjc5MjQw\u0026ixlib=rb-4.0.3\u0026q=80\u0026w=200","small_s3":"https://s3.us-west-2.amazonaws.com/images.unsplash.com/small/photo-1666167723333-04ac611c5ea0"},"links":{"self":"https://api.unsplash.com/photos/qpDD--eA-ug","html":"https://unsplash.com/photos/qpDD--eA-ug","download":"https://unsplash.com/photos/qpDD--eA-ug/download?ixid=MnwzODAxNjh8MHwxfHNlYXJjaHw3fHxNYWxhd2l8ZW58MHx8fHwxNjY4Mjc5MjQw","download_location":"https://api.unsplash.com/photos/qpDD--eA-ug/download?ixid=MnwzODAxNjh8MHwxfHNlYXJjaHw3fHxNYWxhd2l8ZW58MHx8fHwxNjY4Mjc5MjQw"},"likes":0,"liked_by_user":false,"current_user_collections":[],"sponsorship":null,"topic_submissions":{"nature":{"status":"rejected"},"animals":{"status":"rejected"},"wallpapers":{"status":"rejected"}},"user":{"id":"vTnMCIhC4Do","updated_at":"2022-11-12T00:16:34Z","username":"craigmanners_com","name":"Craig
        Manners","first_name":"Craig","last_name":"Manners","twitter_username":"craigmanners1","portfolio_url":"https://www.craigmanners.com/","bio":"For
        more photos please visit: https://www.craigmanners.com/\r\nTo buy me a coffee:
        https://www.buymeacoffee.com/craigmanners or at https://www.craigmanners.com/payments.html  or
        https://www.coinbase.com/join/OMVPEY","location":"Australia. ","links":{"self":"https://api.unsplash.com/users/craigmanners_com","html":"https://unsplash.com/@craigmanners_com","photos":"https://api.unsplash.com/users/craigmanners_com/photos","likes":"https://api.unsplash.com/users/craigmanners_com/likes","portfolio":"https://api.unsplash.com/users/craigmanners_com/portfolio","following":"https://api.unsplash.com/users/craigmanners_com/following","followers":"https://api.unsplash.com/users/craigmanners_com/followers"},"profile_image":{"small":"https://images.unsplash.com/profile-1645956897760-1b193ad7f858image?ixlib=rb-4.0.3\u0026crop=faces\u0026fit=crop\u0026w=32\u0026h=32","medium":"https://images.unsplash.com/profile-1645956897760-1b193ad7f858image?ixlib=rb-4.0.3\u0026crop=faces\u0026fit=crop\u0026w=64\u0026h=64","large":"https://images.unsplash.com/profile-1645956897760-1b193ad7f858image?ixlib=rb-4.0.3\u0026crop=faces\u0026fit=crop\u0026w=128\u0026h=128"},"instagram_username":"CraigManners1","total_collections":10,"total_likes":4,"total_photos":231,"accepted_tos":true,"for_hire":true,"social":{"instagram_username":"CraigManners1","portfolio_url":"https://www.craigmanners.com/","twitter_username":"craigmanners1","paypal_email":null}},"tags":[{"type":"search","title":"malawi"},{"type":"search","title":"craig
        manners"}]},{"id":"OHg4_sAq9KY","created_at":"2022-10-19T08:25:45Z","updated_at":"2022-11-12T14:43:41Z","promoted_at":null,"width":3504,"height":2337,"color":"#8c8c73","blur_hash":"LMHB@.x?XSax-.WBe=bZ0eW-r@of","description":"A
        Jackal, Malawi, Africa taken by Craig Manners","alt_description":null,"urls":{"raw":"https://images.unsplash.com/photo-1666167468843-66f967948b41?ixid=MnwzODAxNjh8MHwxfHNlYXJjaHw4fHxNYWxhd2l8ZW58MHx8fHwxNjY4Mjc5MjQw\u0026ixlib=rb-4.0.3","full":"https://images.unsplash.com/photo-1666167468843-66f967948b41?crop=entropy\u0026cs=tinysrgb\u0026fm=jpg\u0026ixid=MnwzODAxNjh8MHwxfHNlYXJjaHw4fHxNYWxhd2l8ZW58MHx8fHwxNjY4Mjc5MjQw\u0026ixlib=rb-4.0.3\u0026q=80","regular":"https://images.unsplash.com/photo-1666167468843-66f967948b41?crop=entropy\u0026cs=tinysrgb\u0026fit=max\u0026fm=jpg\u0026ixid=MnwzODAxNjh8MHwxfHNlYXJjaHw4fHxNYWxhd2l8ZW58MHx8fHwxNjY4Mjc5MjQw\u0026ixlib=rb-4.0.3\u0026q=80\u0026w=1080","small":"https://images.unsplash.com/photo-1666167468843-66f967948b41?crop=entropy\u0026cs=tinysrgb\u0026fit=max\u0026fm=jpg\u0026ixid=MnwzODAxNjh8MHwxfHNlYXJjaHw4fHxNYWxhd2l8ZW58MHx8fHwxNjY4Mjc5MjQw\u0026ixlib=rb-4.0.3\u0026q=80\u0026w=400","thumb":"https://images.unsplash.com/photo-1666167468843-66f967948b41?crop=entropy\u0026cs=tinysrgb\u0026fit=max\u0026fm=jpg\u0026ixid=MnwzODAxNjh8MHwxfHNlYXJjaHw4fHxNYWxhd2l8ZW58MHx8fHwxNjY4Mjc5MjQw\u0026ixlib=rb-4.0.3\u0026q=80\u0026w=200","small_s3":"https://s3.us-west-2.amazonaws.com/images.unsplash.com/small/photo-1666167468843-66f967948b41"},"links":{"self":"https://api.unsplash.com/photos/OHg4_sAq9KY","html":"https://unsplash.com/photos/OHg4_sAq9KY","download":"https://unsplash.com/photos/OHg4_sAq9KY/download?ixid=MnwzODAxNjh8MHwxfHNlYXJjaHw4fHxNYWxhd2l8ZW58MHx8fHwxNjY4Mjc5MjQw","download_location":"https://api.unsplash.com/photos/OHg4_sAq9KY/download?ixid=MnwzODAxNjh8MHwxfHNlYXJjaHw4fHxNYWxhd2l8ZW58MHx8fHwxNjY4Mjc5MjQw"},"likes":0,"liked_by_user":false,"current_user_collections":[],"sponsorship":null,"topic_submissions":{"textures-patterns":{"status":"rejected"},"animals":{"status":"rejected"},"nature":{"status":"rejected"}},"user":{"id":"vTnMCIhC4Do","updated_at":"2022-11-12T00:16:34Z","username":"craigmanners_com","name":"Craig
        Manners","first_name":"Craig","last_name":"Manners","twitter_username":"craigmanners1","portfolio_url":"https://www.craigmanners.com/","bio":"For
        more photos please visit: https://www.craigmanners.com/\r\nTo buy me a coffee:
        https://www.buymeacoffee.com/craigmanners or at https://www.craigmanners.com/payments.html  or
        https://www.coinbase.com/join/OMVPEY","location":"Australia. ","links":{"self":"https://api.unsplash.com/users/craigmanners_com","html":"https://unsplash.com/@craigmanners_com","photos":"https://api.unsplash.com/users/craigmanners_com/photos","likes":"https://api.unsplash.com/users/craigmanners_com/likes","portfolio":"https://api.unsplash.com/users/craigmanners_com/portfolio","following":"https://api.unsplash.com/users/craigmanners_com/following","followers":"https://api.unsplash.com/users/craigmanners_com/followers"},"profile_image":{"small":"https://images.unsplash.com/profile-1645956897760-1b193ad7f858image?ixlib=rb-4.0.3\u0026crop=faces\u0026fit=crop\u0026w=32\u0026h=32","medium":"https://images.unsplash.com/profile-1645956897760-1b193ad7f858image?ixlib=rb-4.0.3\u0026crop=faces\u0026fit=crop\u0026w=64\u0026h=64","large":"https://images.unsplash.com/profile-1645956897760-1b193ad7f858image?ixlib=rb-4.0.3\u0026crop=faces\u0026fit=crop\u0026w=128\u0026h=128"},"instagram_username":"CraigManners1","total_collections":10,"total_likes":4,"total_photos":231,"accepted_tos":true,"for_hire":true,"social":{"instagram_username":"CraigManners1","portfolio_url":"https://www.craigmanners.com/","twitter_username":"craigmanners1","paypal_email":null}},"tags":[{"type":"search","title":"malawi"},{"type":"search","title":"craig
        manners"}]},{"id":"NOVkZdSvamM","created_at":"2022-10-29T08:04:36Z","updated_at":"2022-11-12T00:36:27Z","promoted_at":null,"width":3833,"height":2574,"color":"#f3f3c0","blur_hash":"L-OfuQWE_Lt7%LahaeoKxsofM|ay","description":"Monkey
        by Craig Manners","alt_description":null,"urls":{"raw":"https://images.unsplash.com/photo-1667030348239-3d7efa94fa5e?ixid=MnwzODAxNjh8MHwxfHNlYXJjaHw5fHxNYWxhd2l8ZW58MHx8fHwxNjY4Mjc5MjQw\u0026ixlib=rb-4.0.3","full":"https://images.unsplash.com/photo-1667030348239-3d7efa94fa5e?crop=entropy\u0026cs=tinysrgb\u0026fm=jpg\u0026ixid=MnwzODAxNjh8MHwxfHNlYXJjaHw5fHxNYWxhd2l8ZW58MHx8fHwxNjY4Mjc5MjQw\u0026ixlib=rb-4.0.3\u0026q=80","regular":"https://images.unsplash.com/photo-1667030348239-3d7efa94fa5e?crop=entropy\u0026cs=tinysrgb\u0026fit=max\u0026fm=jpg\u0026ixid=MnwzODAxNjh8MHwxfHNlYXJjaHw5fHxNYWxhd2l8ZW58MHx8fHwxNjY4Mjc5MjQw\u0026ixlib=rb-4.0.3\u0026q=80\u0026w=1080","small":"https://images.unsplash.com/photo-1667030348239-3d7efa94fa5e?crop=entropy\u0026cs=tinysrgb\u0026fit=max\u0026fm=jpg\u0026ixid=MnwzODAxNjh8MHwxfHNlYXJjaHw5fHxNYWxhd2l8ZW58MHx8fHwxNjY4Mjc5MjQw\u0026ixlib=rb-4.0.3\u0026q=80\u0026w=400","thumb":"https://images.unsplash.com/photo-1667030348239-3d7efa94fa5e?crop=entropy\u0026cs=tinysrgb\u0026fit=max\u0026fm=jpg\u0026ixid=MnwzODAxNjh8MHwxfHNlYXJjaHw5fHxNYWxhd2l8ZW58MHx8fHwxNjY4Mjc5MjQw\u0026ixlib=rb-4.0.3\u0026q=80\u0026w=200","small_s3":"https://s3.us-west-2.amazonaws.com/images.unsplash.com/small/photo-1667030348239-3d7efa94fa5e"},"links":{"self":"https://api.unsplash.com/photos/NOVkZdSvamM","html":"https://unsplash.com/photos/NOVkZdSvamM","download":"https://unsplash.com/photos/NOVkZdSvamM/download?ixid=MnwzODAxNjh8MHwxfHNlYXJjaHw5fHxNYWxhd2l8ZW58MHx8fHwxNjY4Mjc5MjQw","download_location":"https://api.unsplash.com/photos/NOVkZdSvamM/download?ixid=MnwzODAxNjh8MHwxfHNlYXJjaHw5fHxNYWxhd2l8ZW58MHx8fHwxNjY4Mjc5MjQw"},"likes":0,"liked_by_user":false,"current_user_collections":[],"sponsorship":null,"topic_submissions":{"animals":{"status":"rejected"},"nature":{"status":"rejected"}},"user":{"id":"vTnMCIhC4Do","updated_at":"2022-11-12T00:16:34Z","username":"craigmanners_com","name":"Craig
        Manners","first_name":"Craig","last_name":"Manners","twitter_username":"craigmanners1","portfolio_url":"https://www.craigmanners.com/","bio":"For
        more photos please visit: https://www.craigmanners.com/\r\nTo buy me a coffee:
        https://www.buymeacoffee.com/craigmanners or at https://www.craigmanners.com/payments.html  or
        https://www.coinbase.com/join/OMVPEY","location":"Australia. ","links":{"self":"https://api.unsplash.com/users/craigmanners_com","html":"https://unsplash.com/@craigmanners_com","photos":"https://api.unsplash.com/users/craigmanners_com/photos","likes":"https://api.unsplash.com/users/craigmanners_com/likes","portfolio":"https://api.unsplash.com/users/craigmanners_com/portfolio","following":"https://api.unsplash.com/users/craigmanners_com/following","followers":"https://api.unsplash.com/users/craigmanners_com/followers"},"profile_image":{"small":"https://images.unsplash.com/profile-1645956897760-1b193ad7f858image?ixlib=rb-4.0.3\u0026crop=faces\u0026fit=crop\u0026w=32\u0026h=32","medium":"https://images.unsplash.com/profile-1645956897760-1b193ad7f858image?ixlib=rb-4.0.3\u0026crop=faces\u0026fit=crop\u0026w=64\u0026h=64","large":"https://images.unsplash.com/profile-1645956897760-1b193ad7f858image?ixlib=rb-4.0.3\u0026crop=faces\u0026fit=crop\u0026w=128\u0026h=128"},"instagram_username":"CraigManners1","total_collections":10,"total_likes":4,"total_photos":231,"accepted_tos":true,"for_hire":true,"social":{"instagram_username":"CraigManners1","portfolio_url":"https://www.craigmanners.com/","twitter_username":"craigmanners1","paypal_email":null}},"tags":[]},{"id":"EsztHaH3zw4","created_at":"2021-06-08T05:26:46Z","updated_at":"2022-11-12T11:24:50Z","promoted_at":null,"width":2882,"height":1922,"color":"#f3f3f3","blur_hash":"LjKBdItR-.R,?Kogogt7~pjcRkt7","description":"An
        old elephant with one tusk in Liwonde National Park in Malawi taken by Craig
        Manners https://www.craigmanners.com/","alt_description":null,"urls":{"raw":"https://images.unsplash.com/photo-1623129930548-ceb27f38f5b3?ixid=MnwzODAxNjh8MHwxfHNlYXJjaHwxMHx8TWFsYXdpfGVufDB8fHx8MTY2ODI3OTI0MA\u0026ixlib=rb-4.0.3","full":"https://images.unsplash.com/photo-1623129930548-ceb27f38f5b3?crop=entropy\u0026cs=tinysrgb\u0026fm=jpg\u0026ixid=MnwzODAxNjh8MHwxfHNlYXJjaHwxMHx8TWFsYXdpfGVufDB8fHx8MTY2ODI3OTI0MA\u0026ixlib=rb-4.0.3\u0026q=80","regular":"https://images.unsplash.com/photo-1623129930548-ceb27f38f5b3?crop=entropy\u0026cs=tinysrgb\u0026fit=max\u0026fm=jpg\u0026ixid=MnwzODAxNjh8MHwxfHNlYXJjaHwxMHx8TWFsYXdpfGVufDB8fHx8MTY2ODI3OTI0MA\u0026ixlib=rb-4.0.3\u0026q=80\u0026w=1080","small":"https://images.unsplash.com/photo-1623129930548-ceb27f38f5b3?crop=entropy\u0026cs=tinysrgb\u0026fit=max\u0026fm=jpg\u0026ixid=MnwzODAxNjh8MHwxfHNlYXJjaHwxMHx8TWFsYXdpfGVufDB8fHx8MTY2ODI3OTI0MA\u0026ixlib=rb-4.0.3\u0026q=80\u0026w=400","thumb":"https://images.unsplash.com/photo-1623129930548-ceb27f38f5b3?crop=entropy\u0026cs=tinysrgb\u0026fit=max\u0026fm=jpg\u0026ixid=MnwzODAxNjh8MHwxfHNlYXJjaHwxMHx8TWFsYXdpfGVufDB8fHx8MTY2ODI3OTI0MA\u0026ixlib=rb-4.0.3\u0026q=80\u0026w=200","small_s3":"https://s3.us-west-2.amazonaws.com/images.unsplash.com/small/photo-1623129930548-ceb27f38f5b3"},"links":{"self":"https://api.unsplash.com/photos/EsztHaH3zw4","html":"https://unsplash.com/photos/EsztHaH3zw4","download":"https://unsplash.com/photos/EsztHaH3zw4/download?ixid=MnwzODAxNjh8MHwxfHNlYXJjaHwxMHx8TWFsYXdpfGVufDB8fHx8MTY2ODI3OTI0MA","download_location":"https://api.unsplash.com/photos/EsztHaH3zw4/download?ixid=MnwzODAxNjh8MHwxfHNlYXJjaHwxMHx8TWFsYXdpfGVufDB8fHx8MTY2ODI3OTI0MA"},"likes":2,"liked_by_user":false,"current_user_collections":[],"sponsorship":null,"topic_submissions":{"nature":{"status":"rejected"},"animals":{"status":"rejected"},"wallpapers":{"status":"rejected"}},"user":{"id":"vTnMCIhC4Do","updated_at":"2022-11-12T00:16:34Z","username":"craigmanners_com","name":"Craig
        Manners","first_name":"Craig","last_name":"Manners","twitter_username":"craigmanners1","portfolio_url":"https://www.craigmanners.com/","bio":"For
        more photos please visit: https://www.craigmanners.com/\r\nTo buy me a coffee:
        https://www.buymeacoffee.com/craigmanners or at https://www.craigmanners.com/payments.html  or
        https://www.coinbase.com/join/OMVPEY","location":"Australia. ","links":{"self":"https://api.unsplash.com/users/craigmanners_com","html":"https://unsplash.com/@craigmanners_com","photos":"https://api.unsplash.com/users/craigmanners_com/photos","likes":"https://api.unsplash.com/users/craigmanners_com/likes","portfolio":"https://api.unsplash.com/users/craigmanners_com/portfolio","following":"https://api.unsplash.com/users/craigmanners_com/following","followers":"https://api.unsplash.com/users/craigmanners_com/followers"},"profile_image":{"small":"https://images.unsplash.com/profile-1645956897760-1b193ad7f858image?ixlib=rb-4.0.3\u0026crop=faces\u0026fit=crop\u0026w=32\u0026h=32","medium":"https://images.unsplash.com/profile-1645956897760-1b193ad7f858image?ixlib=rb-4.0.3\u0026crop=faces\u0026fit=crop\u0026w=64\u0026h=64","large":"https://images.unsplash.com/profile-1645956897760-1b193ad7f858image?ixlib=rb-4.0.3\u0026crop=faces\u0026fit=crop\u0026w=128\u0026h=128"},"instagram_username":"CraigManners1","total_collections":10,"total_likes":4,"total_photos":231,"accepted_tos":true,"for_hire":true,"social":{"instagram_username":"CraigManners1","portfolio_url":"https://www.craigmanners.com/","twitter_username":"craigmanners1","paypal_email":null}},"tags":[{"type":"search","title":"malawi"}]}]}'
  recorded_at: Sun, 13 Nov 2022 16:22:42 GMT
recorded_with: VCR 6.1.0
